// Jest Snapshot v1, https://goo.gl/fbAQLP

exports[`DemoView renders without crashing 1`] = `
ShallowWrapper {
  "length": 1,
  Symbol(enzyme.__root__): [Circular],
  Symbol(enzyme.__unrendered__): <DemoComponent
    actions={
      Object {
        "demo": Object {
          "increment": [Function],
        },
        "navigation": Object {
          "goBack": [Function],
          "toLogin": [Function],
          "toMain": [Function],
        },
      }
    }
    header="Current State is "
    state={
      Object {
        "count": 0,
      }
    }
    store={
      Object {
        "clearActions": [Function],
        "dispatch": [Function],
        "getActions": [Function],
        "getState": [Function],
        "replaceReducer": [Function],
        "subscribe": [Function],
      }
    }
    storeSubscription={
      Subscription {
        "listeners": Object {
          "clear": [Function],
          "get": [Function],
          "notify": [Function],
          "subscribe": [Function],
        },
        "onStateChange": [Function],
        "parentSub": undefined,
        "store": Object {
          "clearActions": [Function],
          "dispatch": [Function],
          "getActions": [Function],
          "getState": [Function],
          "replaceReducer": [Function],
          "subscribe": [Function],
        },
        "unsubscribe": [Function],
      }
    }
  />,
  Symbol(enzyme.__renderer__): Object {
    "batchedUpdates": [Function],
    "getNode": [Function],
    "render": [Function],
    "simulateEvent": [Function],
    "unmount": [Function],
  },
  Symbol(enzyme.__node__): Object {
    "instance": null,
    "key": undefined,
    "nodeType": "class",
    "props": Object {
      "children": Array [
        <Text
          accessible={true}
          allowFontScaling={true}
          ellipsizeMode="tail"
          testID="state"
        >
          Current State is 0
        </Text>,
        <Button
          onPress={[Function]}
          title="increment"
        >
          Increment Count
        </Button>,
      ],
      "style": Array [
        Object {},
        Object {
          "alignItems": "center",
          "backgroundColor": "#fff",
          "flex": 1,
          "justifyContent": "center",
        },
        Object {},
      ],
    },
    "ref": null,
    "rendered": Array [
      Object {
        "instance": null,
        "key": undefined,
        "nodeType": "class",
        "props": Object {
          "accessible": true,
          "allowFontScaling": true,
          "children": "Current State is 0",
          "ellipsizeMode": "tail",
          "testID": "state",
        },
        "ref": null,
        "rendered": "Current State is 0",
        "type": [Function],
      },
      Object {
        "instance": null,
        "key": undefined,
        "nodeType": "class",
        "props": Object {
          "children": "Increment Count",
          "onPress": [Function],
          "title": "increment",
        },
        "ref": null,
        "rendered": "Increment Count",
        "type": [Function],
      },
    ],
    "type": [Function],
  },
  Symbol(enzyme.__nodes__): Array [
    Object {
      "instance": null,
      "key": undefined,
      "nodeType": "class",
      "props": Object {
        "children": Array [
          <Text
            accessible={true}
            allowFontScaling={true}
            ellipsizeMode="tail"
            testID="state"
          >
            Current State is 0
          </Text>,
          <Button
            onPress={[Function]}
            title="increment"
          >
            Increment Count
          </Button>,
        ],
        "style": Array [
          Object {},
          Object {
            "alignItems": "center",
            "backgroundColor": "#fff",
            "flex": 1,
            "justifyContent": "center",
          },
          Object {},
        ],
      },
      "ref": null,
      "rendered": Array [
        Object {
          "instance": null,
          "key": undefined,
          "nodeType": "class",
          "props": Object {
            "accessible": true,
            "allowFontScaling": true,
            "children": "Current State is 0",
            "ellipsizeMode": "tail",
            "testID": "state",
          },
          "ref": null,
          "rendered": "Current State is 0",
          "type": [Function],
        },
        Object {
          "instance": null,
          "key": undefined,
          "nodeType": "class",
          "props": Object {
            "children": "Increment Count",
            "onPress": [Function],
            "title": "increment",
          },
          "ref": null,
          "rendered": "Increment Count",
          "type": [Function],
        },
      ],
      "type": [Function],
    },
  ],
  Symbol(enzyme.__options__): Object {
    "adapter": ReactSixteenAdapter {
      "options": Object {
        "enableComponentDidUpdateOnSetState": true,
      },
    },
  },
}
`;
